<html>

<head>
    <title>Index of /climate_environment/CDC/observations_germany/climate/</title>
</head>

<body>
    <h1>Index of /climate_environment/CDC/observations_germany/climate/</h1>
    <hr>
    <pre><a href="../">../</a>
<a href="10_minutes/">10_minutes/</a>                                        13-Nov-2019 09:20:17                   -
<a href="1_minute/">1_minute/</a>                                          05-Oct-2018 11:14:10                   -
<a href="5_minutes/">5_minutes/</a>                                         21-Apr-2022 10:49:04                   -
<a href="annual/">annual/</a>                                            14-Oct-2021 06:31:06                   -
<a href="daily/">daily/</a>                                             27-Oct-2021 09:14:06                   -
<a href="hourly/">hourly/</a>                                            06-Jan-2021 09:00:32                   -
<a href="monthly/">monthly/</a>                                           14-Oct-2021 06:31:07                   -
<a href="multi_annual/">multi_annual/</a>                                      20-Apr-2022 08:01:10                   -
<a href="subdaily/">subdaily/</a>                                          03-Nov-2020 09:33:15                   -
</pre>
    <hr>
</body>

</html>