<html>

<head>
    <title>Index of /climate_environment/CDC/observations_germany/climate/10_minutes/air_temperature/recent/</title>
</head>

<body>
    <h1>Index of /climate_environment/CDC/observations_germany/climate/10_minutes/air_temperature/recent/</h1>
    <hr>
    <pre><a href="../">../</a>
<a href="10minutenwerte_TU_00044_akt.zip">10minutenwerte_TU_00044_akt.zip</a>                    20-Aug-2025 01:15:02              707752
<a href="10minutenwerte_TU_00073_akt.zip">10minutenwerte_TU_00073_akt.zip</a>                    20-Aug-2025 01:15:02              715411
<a href="10minutenwerte_TU_00078_akt.zip">10minutenwerte_TU_00078_akt.zip</a>                    20-Aug-2025 01:15:02              720189
<a href="10minutenwerte_TU_00091_akt.zip">10minutenwerte_TU_00091_akt.zip</a>                    20-Aug-2025 01:15:02              732864
<a href="10minutenwerte_TU_00096_akt.zip">10minutenwerte_TU_00096_akt.zip</a>                    20-Aug-2025 01:15:05              837347
<a href="10minutenwerte_TU_00102_akt.zip">10minutenwerte_TU_00102_akt.zip</a>                    20-Aug-2025 01:15:03              162378
<a href="10minutenwerte_TU_00131_akt.zip">10minutenwerte_TU_00131_akt.zip</a>                    20-Aug-2025 01:15:02              724750
<a href="10minutenwerte_TU_00142_akt.zip">10minutenwerte_TU_00142_akt.zip</a>                    20-Aug-2025 01:15:02              721366
<a href="10minutenwerte_TU_00150_akt.zip">10minutenwerte_TU_00150_akt.zip</a>                    20-Aug-2025 01:15:02              683358
<a href="10minutenwerte_TU_00151_akt.zip">10minutenwerte_TU_00151_akt.zip</a>                    20-Aug-2025 01:15:02              730711
<a href="10minutenwerte_TU_00154_akt.zip">10minutenwerte_TU_00154_akt.zip</a>                    20-Aug-2025 01:15:02              728088
<a href="10minutenwerte_TU_00161_akt.zip">10minutenwerte_TU_00161_akt.zip</a>                    20-Aug-2025 01:15:02              852589
<a href="10minutenwerte_TU_00164_akt.zip">10minutenwerte_TU_00164_akt.zip</a>                    20-Aug-2025 01:15:02              833108
<a href="10minutenwerte_TU_00167_akt.zip">10minutenwerte_TU_00167_akt.zip</a>                    20-Aug-2025 01:15:01              717936
<a href="10minutenwerte_TU_00183_akt.zip">10minutenwerte_TU_00183_akt.zip</a>                    20-Aug-2025 01:15:01              794604
<a href="10minutenwerte_TU_00191_akt.zip">10minutenwerte_TU_00191_akt.zip</a>                    20-Aug-2025 01:15:01              739588
<a href="10minutenwerte_TU_00198_akt.zip">10minutenwerte_TU_00198_akt.zip</a>                    20-Aug-2025 01:15:01              844521
<a href="10minutenwerte_TU_00217_akt.zip">10minutenwerte_TU_00217_akt.zip</a>                    20-Aug-2025 01:15:01              734102
<a href="10minutenwerte_TU_00222_akt.zip">10minutenwerte_TU_00222_akt.zip</a>                    20-Aug-2025 01:15:01              738190
<a href="10minutenwerte_TU_00232_akt.zip">10minutenwerte_TU_00232_akt.zip</a>                    20-Aug-2025 01:15:01              834055
<a href="10minutenwerte_TU_00257_akt.zip">10minutenwerte_TU_00257_akt.zip</a>                    20-Aug-2025 01:15:01              734080
<a href="10minutenwerte_TU_00259_akt.zip">10minutenwerte_TU_00259_akt.zip</a>                    20-Aug-2025 01:15:01              739174
<a href="10minutenwerte_TU_00282_akt.zip">10minutenwerte_TU_00282_akt.zip</a>                    20-Aug-2025 01:15:01              851300
<a href="10minutenwerte_TU_00294_akt.zip">10minutenwerte_TU_00294_akt.zip</a>                    20-Aug-2025 01:15:01              716010
<a href="10minutenwerte_TU_00298_akt.zip">10minutenwerte_TU_00298_akt.zip</a>                    20-Aug-2025 01:15:01              831397
<a href="10minutenwerte_TU_00303_akt.zip">10minutenwerte_TU_00303_akt.zip</a>                    20-Aug-2025 01:15:01              850329
<a href="10minutenwerte_TU_00314_akt.zip">10minutenwerte_TU_00314_akt.zip</a>                    20-Aug-2025 01:15:01              718684
<a href="10minutenwerte_TU_00320_akt.zip">10minutenwerte_TU_00320_akt.zip</a>                    20-Aug-2025 01:15:03              741874
<a href="10minutenwerte_TU_00330_akt.zip">10minutenwerte_TU_00330_akt.zip</a>                    20-Aug-2025 01:15:03              723013
<a href="10minutenwerte_TU_00342_akt.zip">10minutenwerte_TU_00342_akt.zip</a>                    20-Aug-2025 01:15:03              830330
<a href="10minutenwerte_TU_00377_akt.zip">10minutenwerte_TU_00377_akt.zip</a>                    20-Aug-2025 01:15:03              713290
<a href="10minutenwerte_TU_00379_akt.zip">10minutenwerte_TU_00379_akt.zip</a>                    20-Aug-2025 01:15:03              749810
<a href="10minutenwerte_TU_00390_akt.zip">10minutenwerte_TU_00390_akt.zip</a>                    20-Aug-2025 01:15:03              708153
<a href="10minutenwerte_TU_00400_akt.zip">10minutenwerte_TU_00400_akt.zip</a>                    20-Aug-2025 01:15:03              719752
<a href="10minutenwerte_TU_00420_akt.zip">10minutenwerte_TU_00420_akt.zip</a>                    20-Aug-2025 01:15:03              295325
<a href="10minutenwerte_TU_00427_akt.zip">10minutenwerte_TU_00427_akt.zip</a>                    20-Aug-2025 01:15:03              840107
<a href="10minutenwerte_TU_00433_akt.zip">10minutenwerte_TU_00433_akt.zip</a>                    20-Aug-2025 01:15:03              837379
<a href="10minutenwerte_TU_00445_akt.zip">10minutenwerte_TU_00445_akt.zip</a>                    20-Aug-2025 01:15:03              731593
<a href="10minutenwerte_TU_00460_akt.zip">10minutenwerte_TU_00460_akt.zip</a>                    20-Aug-2025 01:15:03              812652
<a href="10minutenwerte_TU_00535_akt.zip">10minutenwerte_TU_00535_akt.zip</a>                    20-Aug-2025 01:15:00              717263
<a href="zehn_min_tu_Beschreibung_Stationen.txt">zehn_min_tu_Beschreibung_Stationen.txt</a>             20-Aug-2025 01:15:01              475173
</pre>
    <hr>
</body>

</html>