<html>

<head>
    <title>Index of /climate_environment/CDC/observations_germany/climate/10_minutes/</title>
</head>

<body>
    <h1>Index of /climate_environment/CDC/observations_germany/climate/10_minutes/</h1>
    <hr>
    <pre><a href="../">../</a>
<a href="air_temperature/">air_temperature/</a>                                   06-May-2024 06:00:02                   -
<a href="extreme_temperature/">extreme_temperature/</a>                               06-May-2024 06:00:02                   -
<a href="extreme_wind/">extreme_wind/</a>                                      06-May-2024 06:00:02                   -
<a href="precipitation/">precipitation/</a>                                     05-Jun-2024 13:35:33                   -
<a href="solar/">solar/</a>                                             06-May-2024 06:00:02                   -
<a href="wind/">wind/</a>                                              06-May-2024 06:00:02                   -
<a href="wind_test/">wind_test/</a>                                         13-Nov-2019 09:19:42                   -
</pre>
    <hr>
</body>

</html>