<html>

<head>
    <title>Index of /climate_environment/CDC/observations_germany/climate/10_minutes/air_temperature/historical/</title>
</head>

<body>
    <h1>Index of /climate_environment/CDC/observations_germany/climate/10_minutes/air_temperature/historical/</h1>
    <hr>
    <pre><a href="../">../</a>
<a href="10minutenwerte_TU_00003_19930428_19991231_hist.zip">10minutenwerte_TU_00003_19930428_19991231_hist.zip</a> 22-Nov-2021 16:18:02             2948612
<a href="10minutenwerte_TU_00003_20000101_20091231_hist.zip">10minutenwerte_TU_00003_20000101_20091231_hist.zip</a> 22-Nov-2021 16:18:04             4560198
<a href="10minutenwerte_TU_00003_20100101_20110331_hist.zip">10minutenwerte_TU_00003_20100101_20110331_hist.zip</a> 22-Nov-2021 16:18:04              657685
<a href="10minutenwerte_TU_00044_20070209_20091231_hist.zip">10minutenwerte_TU_00044_20070209_20091231_hist.zip</a> 22-Nov-2021 16:20:47             1147219
<a href="10minutenwerte_TU_00044_20100101_20191231_hist.zip">10minutenwerte_TU_00044_20100101_20191231_hist.zip</a> 22-Nov-2021 16:18:17             4549467
<a href="10minutenwerte_TU_00044_20200101_20241231_hist.zip">10minutenwerte_TU_00044_20200101_20241231_hist.zip</a> 14-May-2025 06:15:00             2329323
<a href="10minutenwerte_TU_00071_20100101_20191231_hist.zip">10minutenwerte_TU_00071_20100101_20191231_hist.zip</a> 22-Nov-2021 16:18:19             4706513
<a href="10minutenwerte_TU_00073_20070214_20091231_hist.zip">10minutenwerte_TU_00073_20070214_20091231_hist.zip</a> 22-Nov-2021 16:20:47             1169266
<a href="10minutenwerte_TU_00073_20100101_20191231_hist.zip">10minutenwerte_TU_00073_20100101_20191231_hist.zip</a> 22-Nov-2021 16:18:34             4640616
<a href="10minutenwerte_TU_00073_20200101_20241231_hist.zip">10minutenwerte_TU_00073_20200101_20241231_hist.zip</a> 14-May-2025 06:15:00             2370056
<a href="10minutenwerte_TU_00078_20041011_20091231_hist.zip">10minutenwerte_TU_00078_20041011_20091231_hist.zip</a> 22-Nov-2021 16:20:47             2058963
<a href="10minutenwerte_TU_00078_20100101_20191231_hist.zip">10minutenwerte_TU_00078_20100101_20191231_hist.zip</a> 22-Nov-2021 16:18:44             4602276
<a href="10minutenwerte_TU_00078_20200101_20241231_hist.zip">10minutenwerte_TU_00078_20200101_20241231_hist.zip</a> 14-May-2025 06:15:00             2349238
<a href="10minutenwerte_TU_00091_20020820_20091231_hist.zip">10minutenwerte_TU_00091_20020820_20091231_hist.zip</a> 22-Nov-2021 16:20:47             2976456
<a href="10minutenwerte_TU_00091_20100101_20191231_hist.zip">10minutenwerte_TU_00091_20100101_20191231_hist.zip</a> 22-Nov-2021 16:18:44             4670103
<a href="10minutenwerte_TU_00091_20200101_20241231_hist.zip">10minutenwerte_TU_00091_20200101_20241231_hist.zip</a> 14-May-2025 06:15:00             2387513
<a href="10minutenwerte_TU_00096_20190410_20191231_hist.zip">10minutenwerte_TU_00096_20190410_20191231_hist.zip</a> 22-Nov-2021 16:18:06              407678
<a href="10minutenwerte_TU_00096_20200101_20241231_hist.zip">10minutenwerte_TU_00096_20200101_20241231_hist.zip</a> 14-May-2025 06:15:00             2744502
<a href="10minutenwerte_TU_00131_20041101_20091231_hist.zip">10minutenwerte_TU_00131_20041101_20091231_hist.zip</a> 22-Nov-2021 16:20:48             2117359
<a href="10minutenwerte_TU_00131_20100101_20191231_hist.zip">10minutenwerte_TU_00131_20100101_20191231_hist.zip</a> 22-Nov-2021 16:19:11             4619168
<a href="10minutenwerte_TU_00131_20200101_20241231_hist.zip">10minutenwerte_TU_00131_20200101_20241231_hist.zip</a> 14-May-2025 06:15:00             2355681
<a href="10minutenwerte_TU_00142_20051026_20091231_hist.zip">10minutenwerte_TU_00142_20051026_20091231_hist.zip</a> 22-Nov-2021 16:20:47             1683189
<a href="10minutenwerte_TU_00142_20100101_20191231_hist.zip">10minutenwerte_TU_00142_20100101_20191231_hist.zip</a> 22-Nov-2021 16:19:42             4585541
<a href="10minutenwerte_TU_00142_20200101_20241231_hist.zip">10minutenwerte_TU_00142_20200101_20241231_hist.zip</a> 14-May-2025 06:15:00             2373733
<a href="10minutenwerte_TU_00150_20050701_20091231_hist.zip">10minutenwerte_TU_00150_20050701_20091231_hist.zip</a> 22-Nov-2021 16:20:47             2185547
<a href="10minutenwerte_TU_00150_20100101_20191231_hist.zip">10minutenwerte_TU_00150_20100101_20191231_hist.zip</a> 22-Nov-2021 16:19:44             4715278
<a href="10minutenwerte_TU_00150_20200101_20241231_hist.zip">10minutenwerte_TU_00150_20200101_20241231_hist.zip</a> 14-May-2025 06:15:00             2308875
<a href="10minutenwerte_TU_00151_20041124_20091231_hist.zip">10minutenwerte_TU_00151_20041124_20091231_hist.zip</a> 22-Nov-2021 16:20:47             2073646
<a href="10minutenwerte_TU_00151_20100101_20191231_hist.zip">10minutenwerte_TU_00151_20100101_20191231_hist.zip</a> 22-Nov-2021 16:19:13             4668957
<a href="10minutenwerte_TU_00151_20200101_20241231_hist.zip">10minutenwerte_TU_00151_20200101_20241231_hist.zip</a> 14-May-2025 06:15:00             2391753
<a href="10minutenwerte_TU_00154_20050113_20091231_hist.zip">10minutenwerte_TU_00154_20050113_20091231_hist.zip</a> 22-Nov-2021 16:20:47             2030471
<a href="10minutenwerte_TU_00154_20100101_20191231_hist.zip">10minutenwerte_TU_00154_20100101_20191231_hist.zip</a> 22-Nov-2021 16:19:13             4636306
<a href="10minutenwerte_TU_00154_20200101_20241231_hist.zip">10minutenwerte_TU_00154_20200101_20241231_hist.zip</a> 14-May-2025 06:15:00             2407731
<a href="10minutenwerte_TU_00161_20110901_20191231_hist.zip">10minutenwerte_TU_00161_20110901_20191231_hist.zip</a> 22-Nov-2021 16:18:07             4635834
<a href="10minutenwerte_TU_00161_20200101_20241231_hist.zip">10minutenwerte_TU_00161_20200101_20241231_hist.zip</a> 14-May-2025 06:15:00             2778081
<a href="10minutenwerte_TU_00164_19911031_19991231_hist.zip">10minutenwerte_TU_00164_19911031_19991231_hist.zip</a> 22-Nov-2021 16:18:07             3555722
<a href="10minutenwerte_TU_00164_20000101_20091231_hist.zip">10minutenwerte_TU_00164_20000101_20091231_hist.zip</a> 22-Nov-2021 16:19:13             4773194
<a href="10minutenwerte_TU_00164_20100101_20191231_hist.zip">10minutenwerte_TU_00164_20100101_20191231_hist.zip</a> 22-Nov-2021 16:19:13             5417384
<a href="10minutenwerte_TU_00164_20200101_20241231_hist.zip">10minutenwerte_TU_00164_20200101_20241231_hist.zip</a> 14-May-2025 06:15:00             2727049
<a href="10minutenwerte_TU_00167_20040901_20091231_hist.zip">10minutenwerte_TU_00167_20040901_20091231_hist.zip</a> 22-Nov-2021 16:20:47             2233615
<a href="zehn_min_tu_Beschreibung_Stationen.txt">zehn_min_tu_Beschreibung_Stationen.txt</a>             20-Aug-2025 01:15:00              540303
</pre>
    <hr>
</body>

</html>