<html>

<head>
    <title>Index of /climate_environment/CDC/observations_germany/climate/10_minutes/air_temperature/now/</title>
</head>

<body>
    <h1>Index of /climate_environment/CDC/observations_germany/climate/10_minutes/air_temperature/now/</h1>
    <hr>
    <pre><a href="../">../</a>
<a href="10minutenwerte_TU_00044_now.zip">10minutenwerte_TU_00044_now.zip</a>                    20-Aug-2025 18:50:00                1482
<a href="10minutenwerte_TU_00073_now.zip">10minutenwerte_TU_00073_now.zip</a>                    20-Aug-2025 18:50:00                1514
<a href="10minutenwerte_TU_00078_now.zip">10minutenwerte_TU_00078_now.zip</a>                    20-Aug-2025 18:50:00                1546
<a href="10minutenwerte_TU_00091_now.zip">10minutenwerte_TU_00091_now.zip</a>                    20-Aug-2025 18:50:00                1540
<a href="10minutenwerte_TU_00096_now.zip">10minutenwerte_TU_00096_now.zip</a>                    20-Aug-2025 18:50:01                1577
<a href="10minutenwerte_TU_00102_now.zip">10minutenwerte_TU_00102_now.zip</a>                    20-Aug-2025 18:50:00                1355
<a href="10minutenwerte_TU_00131_now.zip">10minutenwerte_TU_00131_now.zip</a>                    20-Aug-2025 18:50:00                1555
<a href="10minutenwerte_TU_00142_now.zip">10minutenwerte_TU_00142_now.zip</a>                    20-Aug-2025 18:50:00                1509
<a href="10minutenwerte_TU_00150_now.zip">10minutenwerte_TU_00150_now.zip</a>                    20-Aug-2025 18:50:00                1527
<a href="10minutenwerte_TU_00151_now.zip">10minutenwerte_TU_00151_now.zip</a>                    20-Aug-2025 18:50:00                1570
<a href="10minutenwerte_TU_00154_now.zip">10minutenwerte_TU_00154_now.zip</a>                    20-Aug-2025 18:50:00                1553
<a href="10minutenwerte_TU_00161_now.zip">10minutenwerte_TU_00161_now.zip</a>                    20-Aug-2025 18:50:00                1572
<a href="10minutenwerte_TU_00164_now.zip">10minutenwerte_TU_00164_now.zip</a>                    20-Aug-2025 18:50:00                1642
<a href="10minutenwerte_TU_00167_now.zip">10minutenwerte_TU_00167_now.zip</a>                    20-Aug-2025 18:50:00                1505
<a href="10minutenwerte_TU_00183_now.zip">10minutenwerte_TU_00183_now.zip</a>                    20-Aug-2025 18:50:00                1590
<a href="10minutenwerte_TU_00191_now.zip">10minutenwerte_TU_00191_now.zip</a>                    20-Aug-2025 18:50:00                1538
<a href="10minutenwerte_TU_00198_now.zip">10minutenwerte_TU_00198_now.zip</a>                    20-Aug-2025 18:50:00                1643
<a href="10minutenwerte_TU_00217_now.zip">10minutenwerte_TU_00217_now.zip</a>                    20-Aug-2025 18:50:00                1458
<a href="10minutenwerte_TU_00222_now.zip">10minutenwerte_TU_00222_now.zip</a>                    20-Aug-2025 18:50:00                1578
<a href="10minutenwerte_TU_00232_now.zip">10minutenwerte_TU_00232_now.zip</a>                    20-Aug-2025 18:50:00                1656
<a href="10minutenwerte_TU_00257_now.zip">10minutenwerte_TU_00257_now.zip</a>                    20-Aug-2025 18:50:00                1333
<a href="10minutenwerte_TU_00259_now.zip">10minutenwerte_TU_00259_now.zip</a>                    20-Aug-2025 18:50:00                1454
<a href="10minutenwerte_TU_00282_now.zip">10minutenwerte_TU_00282_now.zip</a>                    20-Aug-2025 18:50:00                1637
<a href="10minutenwerte_TU_00294_now.zip">10minutenwerte_TU_00294_now.zip</a>                    20-Aug-2025 18:50:00                1484
<a href="10minutenwerte_TU_00298_now.zip">10minutenwerte_TU_00298_now.zip</a>                    20-Aug-2025 18:50:00                1619
<a href="10minutenwerte_TU_00303_now.zip">10minutenwerte_TU_00303_now.zip</a>                    20-Aug-2025 18:50:00                1654
<a href="10minutenwerte_TU_00314_now.zip">10minutenwerte_TU_00314_now.zip</a>                    20-Aug-2025 18:50:00                1517
<a href="10minutenwerte_TU_00320_now.zip">10minutenwerte_TU_00320_now.zip</a>                    20-Aug-2025 18:50:00                1556
<a href="10minutenwerte_TU_00330_now.zip">10minutenwerte_TU_00330_now.zip</a>                    20-Aug-2025 18:50:00                1523
<a href="10minutenwerte_TU_00342_now.zip">10minutenwerte_TU_00342_now.zip</a>                    20-Aug-2025 18:50:00                1611
<a href="10minutenwerte_TU_00377_now.zip">10minutenwerte_TU_00377_now.zip</a>                    20-Aug-2025 18:50:00                1036
<a href="10minutenwerte_TU_00379_now.zip">10minutenwerte_TU_00379_now.zip</a>                    20-Aug-2025 18:50:00                1544
<a href="10minutenwerte_TU_00390_now.zip">10minutenwerte_TU_00390_now.zip</a>                    20-Aug-2025 18:50:00                1560
<a href="10minutenwerte_TU_00400_now.zip">10minutenwerte_TU_00400_now.zip</a>                    20-Aug-2025 18:50:00                1539
<a href="10minutenwerte_TU_00420_now.zip">10minutenwerte_TU_00420_now.zip</a>                    20-Aug-2025 18:50:00                1504
<a href="10minutenwerte_TU_00427_now.zip">10minutenwerte_TU_00427_now.zip</a>                    20-Aug-2025 18:50:00                1611
<a href="10minutenwerte_TU_00433_now.zip">10minutenwerte_TU_00433_now.zip</a>                    20-Aug-2025 18:50:00                1618
<a href="10minutenwerte_TU_00445_now.zip">10minutenwerte_TU_00445_now.zip</a>                    20-Aug-2025 18:50:00                1557
<a href="10minutenwerte_TU_00460_now.zip">10minutenwerte_TU_00460_now.zip</a>                    20-Aug-2025 18:50:00                1460
<a href="10minutenwerte_TU_00535_now.zip">10minutenwerte_TU_00535_now.zip</a>                    20-Aug-2025 18:50:01                1496
<a href="10minutenwerte_TU_00555_now.zip">10minutenwerte_TU_00555_now.zip</a>                    20-Aug-2025 18:50:00                1515
<a href="10minutenwerte_TU_00591_now.zip">10minutenwerte_TU_00591_now.zip</a>                    20-Aug-2025 18:50:01                1556
<a href="10minutenwerte_TU_00596_now.zip">10minutenwerte_TU_00596_now.zip</a>                    20-Aug-2025 18:50:01                1509
<a href="10minutenwerte_TU_00603_now.zip">10minutenwerte_TU_00603_now.zip</a>                    20-Aug-2025 18:50:01                1604
<a href="10minutenwerte_TU_00617_now.zip">10minutenwerte_TU_00617_now.zip</a>                    20-Aug-2025 18:50:01                1526
<a href="zehn_now_tu_Beschreibung_Stationen.txt">zehn_now_tu_Beschreibung_Stationen.txt</a>             20-Aug-2025 18:50:00              468159
</pre>
    <hr>
</body>

</html>