<html>

<head>
    <title>Index of /climate_environment/CDC/observations_germany/climate/10_minutes/air_temperature/</title>
</head>

<body>
    <h1>Index of /climate_environment/CDC/observations_germany/climate/10_minutes/air_temperature/</h1>
    <hr>
    <pre><a href="../">../</a>
<a href="historical/">historical/</a>                                        20-Aug-2025 01:15:01                   -
<a href="meta_data/">meta_data/</a>                                         20-Aug-2025 07:10:00                   -
<a href="now/">now/</a>                                               20-Aug-2025 16:20:03                   -
<a href="recent/">recent/</a>                                            20-Aug-2025 01:15:05                   -
<a href="BESCHREIBUNG_obsgermany_climate_10min_air_temperature_de.pdf">BESCHREIBUNG_obsgermany_climate_10min_air_tempe..&gt;</a> 06-May-2024 06:00:01               32719
<a href="DESCRIPTION_obsgermany_climate_10min_air_temperature_en.pdf">DESCRIPTION_obsgermany_climate_10min_air_temper..&gt;</a> 06-May-2024 06:00:01               32056
</pre>
    <hr>
</body>

</html>