<html>

<head>
    <title>Index of /climate_environment/CDC/observations_germany/climate/10_minutes/air_temperature/meta_data/</title>
</head>

<body>
    <h1>Index of /climate_environment/CDC/observations_germany/climate/10_minutes/air_temperature/meta_data/</h1>
    <hr>
    <pre><a href="../">../</a>
<a href="Meta_Daten_zehn_min_tu_00003.zip">Meta_Daten_zehn_min_tu_00003.zip</a>                   12-Feb-2025 07:10:01                7342
<a href="Meta_Daten_zehn_min_tu_00044.zip">Meta_Daten_zehn_min_tu_00044.zip</a>                   20-Aug-2025 07:05:00                7085
<a href="Meta_Daten_zehn_min_tu_00071.zip">Meta_Daten_zehn_min_tu_00071.zip</a>                   12-Feb-2025 07:10:01                6959
<a href="Meta_Daten_zehn_min_tu_00073.zip">Meta_Daten_zehn_min_tu_00073.zip</a>                   20-Aug-2025 07:05:00                7495
<a href="Meta_Daten_zehn_min_tu_00078.zip">Meta_Daten_zehn_min_tu_00078.zip</a>                   20-Aug-2025 07:05:00                7036
<a href="Meta_Daten_zehn_min_tu_00091.zip">Meta_Daten_zehn_min_tu_00091.zip</a>                   20-Aug-2025 07:05:00                7009
<a href="Meta_Daten_zehn_min_tu_00096.zip">Meta_Daten_zehn_min_tu_00096.zip</a>                   20-Aug-2025 07:05:00                7042
<a href="Meta_Daten_zehn_min_tu_00102.zip">Meta_Daten_zehn_min_tu_00102.zip</a>                   20-Aug-2025 07:05:02                3975
<a href="Meta_Daten_zehn_min_tu_00131.zip">Meta_Daten_zehn_min_tu_00131.zip</a>                   20-Aug-2025 07:05:00                7197
<a href="Meta_Daten_zehn_min_tu_00142.zip">Meta_Daten_zehn_min_tu_00142.zip</a>                   20-Aug-2025 07:05:00                7096
<a href="Meta_Daten_zehn_min_tu_00150.zip">Meta_Daten_zehn_min_tu_00150.zip</a>                   20-Aug-2025 07:05:00                7167
<a href="Meta_Daten_zehn_min_tu_00151.zip">Meta_Daten_zehn_min_tu_00151.zip</a>                   20-Aug-2025 07:05:00                7166
<a href="Meta_Daten_zehn_min_tu_00154.zip">Meta_Daten_zehn_min_tu_00154.zip</a>                   20-Aug-2025 07:05:00                6917
<a href="Meta_Daten_zehn_min_tu_00161.zip">Meta_Daten_zehn_min_tu_00161.zip</a>                   20-Aug-2025 07:05:00                6948
<a href="Meta_Daten_zehn_min_tu_00164.zip">Meta_Daten_zehn_min_tu_00164.zip</a>                   20-Aug-2025 07:05:00                7689
<a href="Meta_Daten_zehn_min_tu_00167.zip">Meta_Daten_zehn_min_tu_00167.zip</a>                   20-Aug-2025 07:05:00                7279
<a href="Meta_Daten_zehn_min_tu_00183.zip">Meta_Daten_zehn_min_tu_00183.zip</a>                   20-Aug-2025 07:05:00                7567
<a href="Meta_Daten_zehn_min_tu_00191.zip">Meta_Daten_zehn_min_tu_00191.zip</a>                   20-Aug-2025 07:05:00                7055
<a href="Meta_Daten_zehn_min_tu_00198.zip">Meta_Daten_zehn_min_tu_00198.zip</a>                   20-Aug-2025 07:05:00                7541
<a href="Meta_Daten_zehn_min_tu_00217.zip">Meta_Daten_zehn_min_tu_00217.zip</a>                   20-Aug-2025 07:05:00                6966
<a href="Meta_Daten_zehn_min_tu_00222.zip">Meta_Daten_zehn_min_tu_00222.zip</a>                   20-Aug-2025 07:05:00                7647
<a href="Meta_Daten_zehn_min_tu_00232.zip">Meta_Daten_zehn_min_tu_00232.zip</a>                   20-Aug-2025 07:05:00                7771
<a href="Meta_Daten_zehn_min_tu_00257.zip">Meta_Daten_zehn_min_tu_00257.zip</a>                   20-Aug-2025 07:05:00                7174
<a href="Meta_Daten_zehn_min_tu_00259.zip">Meta_Daten_zehn_min_tu_00259.zip</a>                   20-Aug-2025 07:05:00                7192
<a href="Meta_Daten_zehn_min_tu_00282.zip">Meta_Daten_zehn_min_tu_00282.zip</a>                   20-Aug-2025 07:05:00                7606
<a href="Meta_Daten_zehn_min_tu_00294.zip">Meta_Daten_zehn_min_tu_00294.zip</a>                   20-Aug-2025 07:05:00                6972
<a href="Meta_Daten_zehn_min_tu_00298.zip">Meta_Daten_zehn_min_tu_00298.zip</a>                   20-Aug-2025 07:05:00                7841
<a href="Meta_Daten_zehn_min_tu_00303.zip">Meta_Daten_zehn_min_tu_00303.zip</a>                   20-Aug-2025 07:05:00                7659
<a href="Meta_Daten_zehn_min_tu_00314.zip">Meta_Daten_zehn_min_tu_00314.zip</a>                   20-Aug-2025 07:05:00                7427
<a href="Meta_Daten_zehn_min_tu_00320.zip">Meta_Daten_zehn_min_tu_00320.zip</a>                   20-Aug-2025 07:05:00                7266
<a href="Meta_Daten_zehn_min_tu_00326.zip">Meta_Daten_zehn_min_tu_00326.zip</a>                   12-Feb-2025 07:10:04                6897
<a href="Meta_Daten_zehn_min_tu_00330.zip">Meta_Daten_zehn_min_tu_00330.zip</a>                   20-Aug-2025 07:05:00                7166
<a href="Meta_Daten_zehn_min_tu_00342.zip">Meta_Daten_zehn_min_tu_00342.zip</a>                   20-Aug-2025 07:05:00                6903
<a href="Meta_Daten_zehn_min_tu_00348.zip">Meta_Daten_zehn_min_tu_00348.zip</a>                   12-Feb-2025 07:10:04                7338
<a href="Meta_Daten_zehn_min_tu_00377.zip">Meta_Daten_zehn_min_tu_00377.zip</a>                   20-Aug-2025 07:05:00                7084
<a href="Meta_Daten_zehn_min_tu_00379.zip">Meta_Daten_zehn_min_tu_00379.zip</a>                   20-Aug-2025 07:05:00                6983
<a href="Meta_Daten_zehn_min_tu_00390.zip">Meta_Daten_zehn_min_tu_00390.zip</a>                   20-Aug-2025 07:05:00                6946
<a href="Meta_Daten_zehn_min_tu_00399.zip">Meta_Daten_zehn_min_tu_00399.zip</a>                   12-Feb-2025 07:10:04                7424
<a href="Meta_Daten_zehn_min_tu_00400.zip">Meta_Daten_zehn_min_tu_00400.zip</a>                   20-Aug-2025 07:05:00                7254
<a href="Meta_Daten_zehn_min_tu_00410.zip">Meta_Daten_zehn_min_tu_00410.zip</a>                   12-Feb-2025 07:10:04                6971
<a href="Meta_Daten_zehn_min_tu_20098.zip">Meta_Daten_zehn_min_tu_20098.zip</a>                   20-Aug-2025 07:10:00                6943
</pre>
    <hr>
</body>

</html>